// Jest Snapshot v1, https://goo.gl/fbAQLP

exports[`Pruebas sobre el componente GifItem Debe hacer match con el snapshot 1`] = `
<div>
  <div
    class="card"
  >
    <img
      alt="Titulo de prueba"
      loading="lazy"
      src="https://media.giphy.com/media/hsCpEuXImDcQJ8EsrL/giphy.gif"
    />
    <div>
      Titulo de prueba
    </div>
  </div>
</div>
`;
